everything to be done

admin@DESKTOP-JJCO0PV MINGW64 /
$ git config --global user.name "ArunKumar716"

admin@DESKTOP-JJCO0PV MINGW64 /
$ git config --global user.email "arunpatil0726"

admin@DESKTOP-JJCO0PV MINGW64 /
$ cd C:\Git

admin@DESKTOP-JJCO0PV MINGW64 /c/Git
$ git init
Initialized empty Git repository in C:/Git/.git/

admin@DESKTOP-JJCO0PV MINGW64 /c/Git (master)
$ touch arun.text

admin@DESKTOP-JJCO0PV MINGW64 /c/Git (master)
$ touch arun.pdf

admin@DESKTOP-JJCO0PV MINGW64 /c/Git (master)
$ touch arun.zip

admin@DESKTOP-JJCO0PV MINGW64 /c/Git (master)
$ git status

admin@DESKTOP-JJCO0PV MINGW64 /c/Git (master)
$ git add .


$ git commit -m "first commit"
[master (root-commit) 27c6f5a] first commit
 3 files changed, 0 insertions(+), 0 deletions(-)
 create mode 100644 arun.pdf
 create mode 100644 arun.text
 create mode 100644 arun.zip

admin@DESKTOP-JJCO0PV MINGW64 /c/Git (master)
$ git commit -m "modified"
[master 7e333a3] modified
 1 file changed, 1 insertion(+)


admin@DESKTOP-JJCO0PV MINGW64 /c/Git (master)
$ git remote -v

admin@DESKTOP-JJCO0PV MINGW64 /c/Git (master)
$ git remote add origin https://github.com/Arunkumar716/arun.git

admin@DESKTOP-JJCO0PV MINGW64 /c/Git (master)
$ git remote -v
origin  https://github.com/Arunkumar716/arun.git (fetch)
origin  https://github.com/Arunkumar716/arun.git (push)

admin@DESKTOP-JJCO0PV MINGW64 /c/Git (master)
$ git push -u origin master
info: please complete authentication in your browser...
Enumerating objects: 6, done.
Counting objects: 100% (6/6), done.
Delta compression using up to 12 threads
Compressing objects: 100% (4/4), done.
Writing objects: 100% (6/6), 428 bytes | 428.00 KiB/s, done.
Total 6 (delta 1), reused 0 (delta 0), pack-reused 0 (from 0)
remote: Resolving deltas: 100% (1/1), done.
To https://github.com/Arunkumar716/arun.git
 * [new branch]      master -> master
branch 'master' set up to track 'origin/master'.

admin@DESKTOP-JJCO0PV MINGW64 /c/Git (master)
$ git push -u origin master
branch 'master' set up to track 'origin/master'.
Everything up-to-date
